
jjj0
